Resolving dependencies...
Downloading packages...
  matcher 0.12.18 (0.12.19 available)
  meta 1.17.0 (1.18.2 available)
  native_toolchain_c 0.17.6 (0.18.0 available)
  test_api 0.7.9 (0.7.11 available)
  vector_math 2.2.0 (2.3.0 available)
Got dependencies!
5 packages have newer versions incompatible with dependency constraints.
Try `flutter pub outdated` for more information.
Analyzing brain_link...                                         

   info - The file name 'AppRoutes.dart' isn't a lower_case_with_underscores identifier - lib\navigation\AppRoutes.dart:1:1 - file_names
   info - The file name 'Role_screen.dart' isn't a lower_case_with_underscores identifier - lib\screens\Role_screen.dart:1:1 - file_names
   info - 'withOpacity' is deprecated and shouldn't be used. Use .withValues() to avoid precision loss - lib\screens\Role_screen.dart:105:44 - deprecated_member_use
   info - 'withOpacity' is deprecated and shouldn't be used. Use .withValues() to avoid precision loss - lib\screens\Role_screen.dart:141:32 - deprecated_member_use
   info - 'withOpacity' is deprecated and shouldn't be used. Use .withValues() to avoid precision loss - lib\screens\Role_screen.dart:142:34 - deprecated_member_use
   info - 'withOpacity' is deprecated and shouldn't be used. Use .withValues() to avoid precision loss - lib\screens\Role_screen.dart:153:35 - deprecated_member_use
   info - The imported package 'intl' isn't a dependency of the importing package - lib\screens\chat_tab.dart:4:8 - depend_on_referenced_packages
  error - Target of URI doesn't exist: 'package:intl/intl.dart' - lib\screens\chat_tab.dart:4:8 - uri_does_not_exist
   info - 'withOpacity' is deprecated and shouldn't be used. Use .withValues() to avoid precision loss - lib\screens\chat_tab.dart:31:41 - deprecated_member_use
   info - 'withOpacity' is deprecated and shouldn't be used. Use .withValues() to avoid precision loss - lib\screens\chat_tab.dart:67:47 - deprecated_member_use
   info - 'withOpacity' is deprecated and shouldn't be used. Use .withValues() to avoid precision loss - lib\screens\chat_tab.dart:162:31 - deprecated_member_use
   info - 'withOpacity' is deprecated and shouldn't be used. Use .withValues() to avoid precision loss - lib\screens\chat_tab.dart:176:37 - deprecated_member_use
   info - 'withOpacity' is deprecated and shouldn't be used. Use .withValues() to avoid precision loss - lib\screens\chat_tab.dart:199:52 - deprecated_member_use
   info - 'withOpacity' is deprecated and shouldn't be used. Use .withValues() to avoid precision loss - lib\screens\chat_tab.dart:234:31 - deprecated_member_use
   info - 'withOpacity' is deprecated and shouldn't be used. Use .withValues() to avoid precision loss - lib\screens\chat_tab.dart:247:34 - deprecated_member_use
   info - 'withOpacity' is deprecated and shouldn't be used. Use .withValues() to avoid precision loss - lib\screens\chat_tab.dart:248:34 - deprecated_member_use
   info - The imported package 'intl' isn't a dependency of the importing package - lib\screens\home_tab.dart:4:8 - depend_on_referenced_packages
  error - Target of URI doesn't exist: 'package:intl/intl.dart' - lib\screens\home_tab.dart:4:8 - uri_does_not_exist
   info - 'withOpacity' is deprecated and shouldn't be used. Use .withValues() to avoid precision loss - lib\screens\home_tab.dart:150:31 - deprecated_member_use
   info - 'withOpacity' is deprecated and shouldn't be used. Use .withValues() to avoid precision loss - lib\screens\home_tab.dart:164:37 - deprecated_member_use
   info - 'withOpacity' is deprecated and shouldn't be used. Use .withValues() to avoid precision loss - lib\screens\home_tab.dart:206:39 - deprecated_member_use
   info - 'withOpacity' is deprecated and shouldn't be used. Use .withValues() to avoid precision loss - lib\screens\home_tab.dart:236:31 - deprecated_member_use
   info - 'withOpacity' is deprecated and shouldn't be used. Use .withValues() to avoid precision loss - lib\screens\home_tab.dart:251:37 - deprecated_member_use
   info - 'withOpacity' is deprecated and shouldn't be used. Use .withValues() to avoid precision loss - lib\screens\home_tab.dart:267:42 - deprecated_member_use
   info - 'withOpacity' is deprecated and shouldn't be used. Use .withValues() to avoid precision loss - lib\screens\home_tab.dart:268:39 - deprecated_member_use
   info - 'withOpacity' is deprecated and shouldn't be used. Use .withValues() to avoid precision loss - lib\screens\home_tab.dart:341:31 - deprecated_member_use
   info - 'withOpacity' is deprecated and shouldn't be used. Use .withValues() to avoid precision loss - lib\screens\home_tab.dart:409:41 - deprecated_member_use
   info - 'withOpacity' is deprecated and shouldn't be used. Use .withValues() to avoid precision loss - lib\screens\library_tab.dart:53:43 - deprecated_member_use
   info - 'withOpacity' is deprecated and shouldn't be used. Use .withValues() to avoid precision loss - lib\screens\library_tab.dart:195:31 - deprecated_member_use
   info - 'withOpacity' is deprecated and shouldn't be used. Use .withValues() to avoid precision loss - lib\screens\library_tab.dart:209:37 - deprecated_member_use
   info - 'withOpacity' is deprecated and shouldn't be used. Use .withValues() to avoid precision loss - lib\screens\library_tab.dart:232:52 - deprecated_member_use
   info - 'withOpacity' is deprecated and shouldn't be used. Use .withValues() to avoid precision loss - lib\screens\library_tab.dart:252:33 - deprecated_member_use
   info - 'withOpacity' is deprecated and shouldn't be used. Use .withValues() to avoid precision loss - lib\screens\library_tab.dart:256:35 - deprecated_member_use
   info - 'withOpacity' is deprecated and shouldn't be used. Use .withValues() to avoid precision loss - lib\screens\library_tab.dart:260:33 - deprecated_member_use
   info - 'withOpacity' is deprecated and shouldn't be used. Use .withValues() to avoid precision loss - lib\screens\library_tab.dart:273:33 - deprecated_member_use
   info - 'withOpacity' is deprecated and shouldn't be used. Use .withValues() to avoid precision loss - lib\screens\library_tab.dart:369:26 - deprecated_member_use
   info - 'withOpacity' is deprecated and shouldn't be used. Use .withValues() to avoid precision loss - lib\screens\library_tab.dart:376:26 - deprecated_member_use
   info - 'withOpacity' is deprecated and shouldn't be used. Use .withValues() to avoid precision loss - lib\screens\library_tab.dart:388:35 - deprecated_member_use
   info - 'withOpacity' is deprecated and shouldn't be used. Use .withValues() to avoid precision loss - lib\screens\library_tab.dart:406:35 - deprecated_member_use
   info - Don't use 'BuildContext's across async gaps - lib\screens\login_screen.dart:142:56 - use_build_context_synchronously
   info - 'withOpacity' is deprecated and shouldn't be used. Use .withValues() to avoid precision loss - lib\screens\main_layout.dart:48:35 - deprecated_member_use
   info - The imported package 'intl' isn't a dependency of the importing package - lib\screens\sessions_tab.dart:4:8 - depend_on_referenced_packages
  error - Target of URI doesn't exist: 'package:intl/intl.dart' - lib\screens\sessions_tab.dart:4:8 - uri_does_not_exist
   info - 'withOpacity' is deprecated and shouldn't be used. Use .withValues() to avoid precision loss - lib\screens\sessions_tab.dart:127:31 - deprecated_member_use
   info - 'withOpacity' is deprecated and shouldn't be used. Use .withValues() to avoid precision loss - lib\screens\sessions_tab.dart:141:37 - deprecated_member_use
   info - 'withOpacity' is deprecated and shouldn't be used. Use .withValues() to avoid precision loss - lib\screens\sessions_tab.dart:164:52 - deprecated_member_use
   info - 'withOpacity' is deprecated and shouldn't be used. Use .withValues() to avoid precision loss - lib\screens\sessions_tab.dart:216:39 - deprecated_member_use
   info - 'withOpacity' is deprecated and shouldn't be used. Use .withValues() to avoid precision loss - lib\screens\sessions_tab.dart:261:31 - deprecated_member_use
   info - 'withOpacity' is deprecated and shouldn't be used. Use .withValues() to avoid precision loss - lib\screens\sessions_tab.dart:276:36 - deprecated_member_use
   info - 'withOpacity' is deprecated and shouldn't be used. Use .withValues() to avoid precision loss - lib\screens\sessions_tab.dart:277:36 - deprecated_member_use
warning - Unused import: 'package:firebase_auth/firebase_auth.dart' - lib\screens\signup_screen.dart:2:8 - unused_import
   info - Don't use 'BuildContext's across async gaps - lib\screens\signup_screen.dart:84:42 - use_build_context_synchronously
   info - Statements in an if should be enclosed in a block - lib\screens\signup_screen.dart:161:44 - curly_braces_in_flow_control_structures
   info - Statements in an if should be enclosed in a block - lib\screens\signup_screen.dart:162:18 - curly_braces_in_flow_control_structures
   info - Don't use 'BuildContext's across async gaps - lib\screens\signup_screen.dart:193:44 - use_build_context_synchronously
   info - Don't invoke 'print' in production code - lib\screens\splash_screen.dart:42:7 - avoid_print
   info - Don't use 'BuildContext's across async gaps - lib\screens\splash_screen.dart:47:36 - use_build_context_synchronously
   info - 'withOpacity' is deprecated and shouldn't be used. Use .withValues() to avoid precision loss - lib\screens\splash_screen.dart:99:44 - deprecated_member_use
   info - 'withOpacity' is deprecated and shouldn't be used. Use .withValues() to avoid precision loss - lib\screens\splash_screen.dart:137:48 - deprecated_member_use
   info - Don't invoke 'print' in production code - lib\services\auth_service.dart:24:9 - avoid_print
   info - Don't invoke 'print' in production code - lib\services\auth_service.dart:29:7 - avoid_print
   info - Don't invoke 'print' in production code - lib\services\firestore_service.dart:78:7 - avoid_print
   info - The variable name 'MapItem' isn't a lowerCamelCase identifier - lib\services\firestore_service.dart:127:14 - non_constant_identifier_names
   info - The variable name 'MapItem' isn't a lowerCamelCase identifier - lib\services\firestore_service.dart:160:14 - non_constant_identifier_names
   info - The variable name 'MapItem' isn't a lowerCamelCase identifier - lib\services\firestore_service.dart:184:14 - non_constant_identifier_names
   info - The variable name 'MapItem' isn't a lowerCamelCase identifier - lib\services\firestore_service.dart:230:14 - non_constant_identifier_names

